<?xml version="1.0" encoding="UTF-8"?>
<project xmlns="http://maven.apache.org/POM/4.0.0" xmlns:xsi="http://www.w3.org/2001/XMLSchema-instance"
  xsi:schemaLocation="http://maven.apache.org/POM/4.0.0 https://maven.apache.org/xsd/maven-4.0.0.xsd">
  <modelVersion>4.0.0</modelVersion>

  <parent>
    <artifactId>com.google.cloud</artifactId>
    <groupId>generated-parent</groupId>
    <version>3.5.0-SNAPSHOT</version>
  </parent>
  <groupId>com.google.cloud</groupId>
  <artifactId>com-google-showcase-v1beta1-spring-starter</artifactId>
  <version>{{starter-version}}</version>
  <name>Spring Boot Starter - showcase</name>
  <description>Spring Boot Starter with AutoConfiguration for showcase</description>


  <dependencies>
    <dependency>
      <groupId>{{client-library-group-id}}</groupId>
      <artifactId>{{client-library-artifact-id}}</artifactId>
      <version>{{client-library-version}}</version>
    </dependency>

    <dependency>
      <groupId>org.springframework.boot</groupId>
      <artifactId>spring-boot-starter</artifactId>
      <version>2.6.3</version>
    </dependency>

  <dependency>
    <groupId>com.google.cloud</groupId>
    <artifactId>spring-cloud-gcp-core</artifactId>
    <version>3.2.1</version>
  </dependency>
</dependencies>
  <build>
    <pluginManagement>
      <plugins>
        <plugin>
          <groupId>org.apache.maven.plugins</groupId>
          <artifactId>maven-jar-plugin</artifactId>
          <version>3.2.2</version>
        </plugin>
      </plugins>
    </pluginManagement>

    <plugins>
      <plugin>
        <groupId>org.apache.maven.plugins</groupId>
        <artifactId>maven-jar-plugin</artifactId>
        <configuration>
          <archive>
            <manifest>
              <addDefaultImplementationEntries>true</addDefaultImplementationEntries>
            </manifest>
          </archive>
        </configuration>
      </plugin>
    </plugins>
  </build>

</project>