package com.google.showcase.v1beta1.samples;

import com.google.showcase.v1beta1.Blurb;
import com.google.showcase.v1beta1.MessagingClient;
import com.google.showcase.v1beta1.ProfileName;

public class CreateBlurbStringParentStringText {

  public static void main(String[] args) throws Exception {
    createBlurbStringParentStringText();
  }

  public static void createBlurbStringParentStringText() throws Exception {
    try (MessagingClient messagingClient = MessagingClient.create()) {
      String parent = ProfileName.of("[USER]").toString();
      String text = "text3556653";
      Blurb response = messagingClient.createBlurb(parent, text);
    }
  }
}
