package com.google.showcase.v1beta1.samples;

import com.google.showcase.v1beta1.Blurb;
import com.google.showcase.v1beta1.MessagingClient;
import com.google.showcase.v1beta1.RoomName;

public class CreateBlurbRoomNameParentStringText {

  public static void main(String[] args) throws Exception {
    createBlurbRoomNameParentStringText();
  }

  public static void createBlurbRoomNameParentStringText() throws Exception {
    try (MessagingClient messagingClient = MessagingClient.create()) {
      RoomName parent = RoomName.of("[ROOM]");
      String text = "text3556653";
      Blurb response = messagingClient.createBlurb(parent, text);
    }
  }
}
