package com.google.showcase.v1beta1.samples;

import com.google.api.gax.core.FixedCredentialsProvider;
import com.google.showcase.v1beta1.MessagingClient;
import com.google.showcase.v1beta1.MessagingSettings;
import com.google.showcase.v1beta1.myCredentials;

public class CreateMessagingSettingsSetCredentialsProvider {

  public static void main(String[] args) throws Exception {
    createMessagingSettingsSetCredentialsProvider();
  }

  public static void createMessagingSettingsSetCredentialsProvider() throws Exception {
    MessagingSettings messagingSettings =
        MessagingSettings.newBuilder()
            .setCredentialsProvider(FixedCredentialsProvider.create(myCredentials))
            .build();
    MessagingClient messagingClient = MessagingClient.create(messagingSettings);
  }
}
