package com.google.showcase.v1beta1.samples;

import com.google.protobuf.Empty;
import com.google.showcase.v1beta1.BlurbName;
import com.google.showcase.v1beta1.DeleteBlurbRequest;
import com.google.showcase.v1beta1.MessagingClient;

public class DeleteBlurbDeleteBlurbRequestRequest {

  public static void main(String[] args) throws Exception {
    deleteBlurbDeleteBlurbRequestRequest();
  }

  public static void deleteBlurbDeleteBlurbRequestRequest() throws Exception {
    try (MessagingClient messagingClient = MessagingClient.create()) {
      DeleteBlurbRequest request =
          DeleteBlurbRequest.newBuilder()
              .setName(
                  BlurbName.ofUserLegacyUserBlurbName("[USER]", "[LEGACY_USER]", "[BLURB]")
                      .toString())
              .build();
      messagingClient.deleteBlurb(request);
    }
  }
}
