package com.google.showcase.v1beta1.samples;

import com.google.protobuf.Empty;
import com.google.showcase.v1beta1.DeleteRoomRequest;
import com.google.showcase.v1beta1.MessagingClient;
import com.google.showcase.v1beta1.RoomName;

public class DeleteRoomDeleteRoomRequestRequest {

  public static void main(String[] args) throws Exception {
    deleteRoomDeleteRoomRequestRequest();
  }

  public static void deleteRoomDeleteRoomRequestRequest() throws Exception {
    try (MessagingClient messagingClient = MessagingClient.create()) {
      DeleteRoomRequest request =
          DeleteRoomRequest.newBuilder().setName(RoomName.of("[ROOM]").toString()).build();
      messagingClient.deleteRoom(request);
    }
  }
}
