package com.google.showcase.v1beta1.samples;

import com.google.protobuf.Empty;
import com.google.showcase.v1beta1.BlurbName;
import com.google.showcase.v1beta1.MessagingClient;

public class DeleteBlurbStringName {

  public static void main(String[] args) throws Exception {
    deleteBlurbStringName();
  }

  public static void deleteBlurbStringName() throws Exception {
    try (MessagingClient messagingClient = MessagingClient.create()) {
      String name =
          BlurbName.ofUserLegacyUserBlurbName("[USER]", "[LEGACY_USER]", "[BLURB]").toString();
      messagingClient.deleteBlurb(name);
    }
  }
}
