package com.google.showcase.v1beta1.samples;

import com.google.protobuf.Empty;
import com.google.showcase.v1beta1.BlurbName;
import com.google.showcase.v1beta1.MessagingClient;

public class DeleteBlurbBlurbNameName {

  public static void main(String[] args) throws Exception {
    deleteBlurbBlurbNameName();
  }

  public static void deleteBlurbBlurbNameName() throws Exception {
    try (MessagingClient messagingClient = MessagingClient.create()) {
      BlurbName name = BlurbName.ofUserLegacyUserBlurbName("[USER]", "[LEGACY_USER]", "[BLURB]");
      messagingClient.deleteBlurb(name);
    }
  }
}
