package com.google.showcase.v1beta1.samples;

import com.google.showcase.v1beta1.Blurb;
import com.google.showcase.v1beta1.BlurbName;
import com.google.showcase.v1beta1.MessagingClient;

public class GetBlurbStringName {

  public static void main(String[] args) throws Exception {
    getBlurbStringName();
  }

  public static void getBlurbStringName() throws Exception {
    try (MessagingClient messagingClient = MessagingClient.create()) {
      String name =
          BlurbName.ofUserLegacyUserBlurbName("[USER]", "[LEGACY_USER]", "[BLURB]").toString();
      Blurb response = messagingClient.getBlurb(name);
    }
  }
}
