package com.google.showcase.v1beta1.samples;

import com.google.showcase.v1beta1.MessagingClient;
import com.google.showcase.v1beta1.Room;
import com.google.showcase.v1beta1.RoomName;

public class GetRoomRoomNameName {

  public static void main(String[] args) throws Exception {
    getRoomRoomNameName();
  }

  public static void getRoomRoomNameName() throws Exception {
    try (MessagingClient messagingClient = MessagingClient.create()) {
      RoomName name = RoomName.of("[ROOM]");
      Room response = messagingClient.getRoom(name);
    }
  }
}
