package com.google.showcase.v1beta1.samples;

import com.google.showcase.v1beta1.MessagingClient;
import com.google.showcase.v1beta1.Room;
import com.google.showcase.v1beta1.RoomName;

public class GetRoomStringName {

  public static void main(String[] args) throws Exception {
    getRoomStringName();
  }

  public static void getRoomStringName() throws Exception {
    try (MessagingClient messagingClient = MessagingClient.create()) {
      String name = RoomName.of("[ROOM]").toString();
      Room response = messagingClient.getRoom(name);
    }
  }
}
