package com.google.showcase.v1beta1.samples;

import com.google.showcase.v1beta1.GetRoomRequest;
import com.google.showcase.v1beta1.MessagingClient;
import com.google.showcase.v1beta1.Room;
import com.google.showcase.v1beta1.RoomName;

public class GetRoomGetRoomRequestRequest {

  public static void main(String[] args) throws Exception {
    getRoomGetRoomRequestRequest();
  }

  public static void getRoomGetRoomRequestRequest() throws Exception {
    try (MessagingClient messagingClient = MessagingClient.create()) {
      GetRoomRequest request =
          GetRoomRequest.newBuilder().setName(RoomName.of("[ROOM]").toString()).build();
      Room response = messagingClient.getRoom(request);
    }
  }
}
