package com.google.showcase.v1beta1.samples;

import com.google.showcase.v1beta1.Blurb;
import com.google.showcase.v1beta1.MessagingClient;
import com.google.showcase.v1beta1.ProfileName;

public class ListBlurbsStringIterateAll {

  public static void main(String[] args) throws Exception {
    listBlurbsStringIterateAll();
  }

  public static void listBlurbsStringIterateAll() throws Exception {
    try (MessagingClient messagingClient = MessagingClient.create()) {
      String parent = ProfileName.of("[USER]").toString();
      for (Blurb element : messagingClient.listBlurbs(parent).iterateAll()) {
        // doThingsWith(element);
      }
    }
  }
}
