package com.google.showcase.v1beta1.samples;

import com.google.common.base.Strings;
import com.google.showcase.v1beta1.Blurb;
import com.google.showcase.v1beta1.ListBlurbsRequest;
import com.google.showcase.v1beta1.ListBlurbsResponse;
import com.google.showcase.v1beta1.MessagingClient;
import com.google.showcase.v1beta1.ProfileName;

public class ListBlurbsCallableCallListBlurbsRequestSetPageToken {

  public static void main(String[] args) throws Exception {
    listBlurbsCallableCallListBlurbsRequestSetPageToken();
  }

  public static void listBlurbsCallableCallListBlurbsRequestSetPageToken() throws Exception {
    try (MessagingClient messagingClient = MessagingClient.create()) {
      ListBlurbsRequest request =
          ListBlurbsRequest.newBuilder()
              .setParent(ProfileName.of("[USER]").toString())
              .setPageSize(883849137)
              .setPageToken("pageToken873572522")
              .build();
      while (true) {
        ListBlurbsResponse response = messagingClient.listBlurbsCallable().call(request);
        for (Blurb element : response.getResponsesList()) {
          // doThingsWith(element);
        }
        String nextPageToken = response.getNextPageToken();
        if (!Strings.isNullOrEmpty(nextPageToken)) {
          request = request.toBuilder().setPageToken(nextPageToken).build();
        } else {
          break;
        }
      }
    }
  }
}
