package com.google.showcase.v1beta1.samples;

import com.google.showcase.v1beta1.Blurb;
import com.google.showcase.v1beta1.MessagingClient;
import com.google.showcase.v1beta1.ProfileName;

public class ListBlurbsProfileNameIterateAll {

  public static void main(String[] args) throws Exception {
    listBlurbsProfileNameIterateAll();
  }

  public static void listBlurbsProfileNameIterateAll() throws Exception {
    try (MessagingClient messagingClient = MessagingClient.create()) {
      ProfileName parent = ProfileName.of("[USER]");
      for (Blurb element : messagingClient.listBlurbs(parent).iterateAll()) {
        // doThingsWith(element);
      }
    }
  }
}
