package com.google.showcase.v1beta1.samples;

import com.google.api.core.ApiFuture;
import com.google.longrunning.Operation;
import com.google.showcase.v1beta1.MessagingClient;
import com.google.showcase.v1beta1.ProfileName;
import com.google.showcase.v1beta1.SearchBlurbsRequest;

public class SearchBlurbsCallableFutureCallSearchBlurbsRequest {

  public static void main(String[] args) throws Exception {
    searchBlurbsCallableFutureCallSearchBlurbsRequest();
  }

  public static void searchBlurbsCallableFutureCallSearchBlurbsRequest() throws Exception {
    try (MessagingClient messagingClient = MessagingClient.create()) {
      SearchBlurbsRequest request =
          SearchBlurbsRequest.newBuilder()
              .setQuery("query107944136")
              .setParent(ProfileName.of("[USER]").toString())
              .setPageSize(883849137)
              .setPageToken("pageToken873572522")
              .build();
      ApiFuture<Operation> future = messagingClient.searchBlurbsCallable().futureCall(request);
      // Do something.
      Operation response = future.get();
    }
  }
}
