package com.google.showcase.v1beta1.samples;

import com.google.showcase.v1beta1.MessagingClient;
import com.google.showcase.v1beta1.Room;
import com.google.showcase.v1beta1.UpdateRoomRequest;

public class UpdateRoomUpdateRoomRequestRequest {

  public static void main(String[] args) throws Exception {
    updateRoomUpdateRoomRequestRequest();
  }

  public static void updateRoomUpdateRoomRequestRequest() throws Exception {
    try (MessagingClient messagingClient = MessagingClient.create()) {
      UpdateRoomRequest request =
          UpdateRoomRequest.newBuilder().setRoom(Room.newBuilder().build()).build();
      Room response = messagingClient.updateRoom(request);
    }
  }
}
