package com.google.showcase.v1beta1;

import com.google.api.gax.core.NoCredentialsProvider;
import com.google.api.gax.grpc.testing.LocalChannelProvider;
import com.google.api.gax.grpc.testing.MockGrpcService;
import com.google.api.gax.grpc.testing.MockServiceHelper;
import java.io.IOException;
import java.util.Arrays;
import java.util.UUID;
import javax.annotation.Generated;
import org.junit.After;
import org.junit.AfterClass;
import org.junit.Before;
import org.junit.BeforeClass;

@Generated("by gapic-generator-java")
public class EchoClientTest {
  public static MockServiceHelper mockServiceHelper;
  public static MockEcho mockEcho;
  public EchoClient client;
  public LocalChannelProvider channelProvider;

  @BeforeClass
  public static void startStaticServer() {
    mockEcho = new MockEcho();
    mockServiceHelper =
        new MockServiceHelper(
            UUID.randomUUID().toString(), Arrays.<MockGrpcService>asList(mockEcho));
    mockServiceHelper.start();
  }

  @AfterClass
  public static void stopServer() {
    mockServiceHelper.stop();
  }

  @Before
  public void setUp() throws IOException {
    mockServiceHelper.reset();
    channelProvider = mockServiceHelper.createChannelProvider();
    EchoSettings settings =
        EchoSettings.newBuilder()
            .setTransportChannelProvider(channelProvider)
            .setCredentialsProvider(NoCredentialsProvider.create())
            .build();
    client = EchoClient.create(settings);
  }

  @After
  public void tearDown() throws Exception {
    client.close();
  }
}
