/**
 * Spring Boot auto-configurations for localhost:7469.
 *
 * <p>You can inject an auto-configured service client bean to your Spring Boot application with
 * annotation-based field injection (e.g. {@code {@literal @}Autowired private EchoClient
 * autoEchoClient;}) or constructor injection, as shown in
 * https://docs.spring.io/spring-boot/docs/current/reference/htmlsingle/#using.spring-beans-and-dependency-injection.
 *
 * <p>The services with auto-configured service client beans provided are listed below.
 *
 * <p>======================= EchoClient =======================
 *
 * <p>Service Description: This service is used showcase the four main types of rpcs - unary, server
 * side streaming, client side streaming, and bidirectional streaming. This service also exposes
 * methods that explicitly implement server delay, and paginated calls. Set the 'showcase-trailer'
 * metadata key on any method to have the values echoed in the response trailers.
 */
@Generated("by gapic-generator-java")
package com.google.showcase.v1beta1.spring;

import javax.annotation.Generated;
