package com.google.showcase.v1beta1.samples;

import com.google.api.core.ApiFuture;
import com.google.showcase.v1beta1.BlockRequest;
import com.google.showcase.v1beta1.BlockResponse;
import com.google.showcase.v1beta1.EchoClient;

public class BlockCallableFutureCallBlockRequest {

  public static void main(String[] args) throws Exception {
    blockCallableFutureCallBlockRequest();
  }

  public static void blockCallableFutureCallBlockRequest() throws Exception {
    try (EchoClient echoClient = EchoClient.create()) {
      BlockRequest request = BlockRequest.newBuilder().build();
      ApiFuture<BlockResponse> future = echoClient.blockCallable().futureCall(request);
      // Do something.
      BlockResponse response = future.get();
    }
  }
}
