package com.google.showcase.v1beta1.samples;

import com.google.api.gax.core.FixedCredentialsProvider;
import com.google.showcase.v1beta1.EchoClient;
import com.google.showcase.v1beta1.EchoSettings;
import com.google.showcase.v1beta1.myCredentials;

public class CreateEchoSettingsSetCredentialsProvider {

  public static void main(String[] args) throws Exception {
    createEchoSettingsSetCredentialsProvider();
  }

  public static void createEchoSettingsSetCredentialsProvider() throws Exception {
    EchoSettings echoSettings =
        EchoSettings.newBuilder()
            .setCredentialsProvider(FixedCredentialsProvider.create(myCredentials))
            .build();
    EchoClient echoClient = EchoClient.create(echoSettings);
  }
}
