package com.google.showcase.v1beta1.samples;

import com.google.showcase.v1beta1.EchoClient;
import com.google.showcase.v1beta1.EchoRequest;
import com.google.showcase.v1beta1.EchoResponse;
import com.google.showcase.v1beta1.Foobar;
import com.google.showcase.v1beta1.FoobarName;
import com.google.showcase.v1beta1.Severity;

public class EchoEchoRequestRequest {

  public static void main(String[] args) throws Exception {
    echoEchoRequestRequest();
  }

  public static void echoEchoRequestRequest() throws Exception {
    try (EchoClient echoClient = EchoClient.create()) {
      EchoRequest request =
          EchoRequest.newBuilder()
              .setName(FoobarName.ofProjectFoobarName("[PROJECT]", "[FOOBAR]").toString())
              .setParent(FoobarName.ofProjectFoobarName("[PROJECT]", "[FOOBAR]").toString())
              .setSeverity(Severity.forNumber(0))
              .setFoobar(Foobar.newBuilder().build())
              .build();
      EchoResponse response = echoClient.echo(request);
    }
  }
}
