package com.google.showcase.v1beta1.samples;

import com.google.showcase.v1beta1.EchoClient;
import com.google.showcase.v1beta1.EchoResponse;
import com.google.showcase.v1beta1.FoobarName;

public class EchoFoobarNameName {

  public static void main(String[] args) throws Exception {
    echoFoobarNameName();
  }

  public static void echoFoobarNameName() throws Exception {
    try (EchoClient echoClient = EchoClient.create()) {
      FoobarName name = FoobarName.ofProjectFoobarName("[PROJECT]", "[FOOBAR]");
      EchoResponse response = echoClient.echo(name);
    }
  }
}
