package com.google.showcase.v1beta1.samples;

import com.google.rpc.Status;
import com.google.showcase.v1beta1.EchoClient;
import com.google.showcase.v1beta1.EchoResponse;

public class EchoStatusError {

  public static void main(String[] args) throws Exception {
    echoStatusError();
  }

  public static void echoStatusError() throws Exception {
    try (EchoClient echoClient = EchoClient.create()) {
      Status error = Status.newBuilder().build();
      EchoResponse response = echoClient.echo(error);
    }
  }
}