package com.google.showcase.v1beta1.samples;

import com.google.showcase.v1beta1.EchoClient;
import com.google.showcase.v1beta1.EchoResponse;
import com.google.showcase.v1beta1.FoobarName;

public class EchoStringName {

  public static void main(String[] args) throws Exception {
    echoStringName();
  }

  public static void echoStringName() throws Exception {
    try (EchoClient echoClient = EchoClient.create()) {
      String name = FoobarName.ofProjectFoobarName("[PROJECT]", "[FOOBAR]").toString();
      EchoResponse response = echoClient.echo(name);
    }
  }
}
