package com.google.showcase.v1beta1.samples;

import com.google.showcase.v1beta1.EchoClient;
import com.google.showcase.v1beta1.EchoResponse;

public class Echo {

  public static void main(String[] args) throws Exception {
    echo();
  }

  public static void echo() throws Exception {
    try (EchoClient echoClient = EchoClient.create()) {
      EchoResponse response = echoClient.echo();
    }
  }
}
