package com.google.showcase.v1beta1.samples;

import com.google.api.core.ApiFuture;
import com.google.showcase.v1beta1.EchoClient;
import com.google.showcase.v1beta1.EchoResponse;
import com.google.showcase.v1beta1.PagedExpandRequest;

public class PagedExpandPagedCallableFutureCallPagedExpandRequest {

  public static void main(String[] args) throws Exception {
    pagedExpandPagedCallableFutureCallPagedExpandRequest();
  }

  public static void pagedExpandPagedCallableFutureCallPagedExpandRequest() throws Exception {
    try (EchoClient echoClient = EchoClient.create()) {
      PagedExpandRequest request =
          PagedExpandRequest.newBuilder()
              .setContent("content951530617")
              .setPageSize(883849137)
              .setPageToken("pageToken873572522")
              .build();
      ApiFuture<EchoResponse> future = echoClient.pagedExpandPagedCallable().futureCall(request);
      // Do something.
      for (EchoResponse element : future.get().iterateAll()) {
        // doThingsWith(element);
      }
    }
  }
}
