package com.google.showcase.v1beta1.samples;

import com.google.common.base.Strings;
import com.google.showcase.v1beta1.EchoClient;
import com.google.showcase.v1beta1.EchoResponse;
import com.google.showcase.v1beta1.PagedExpandRequest;
import com.google.showcase.v1beta1.PagedExpandResponse;

public class SimplePagedExpandCallableCallPagedExpandRequestSetPageToken {

  public static void main(String[] args) throws Exception {
    simplePagedExpandCallableCallPagedExpandRequestSetPageToken();
  }

  public static void simplePagedExpandCallableCallPagedExpandRequestSetPageToken()
      throws Exception {
    try (EchoClient echoClient = EchoClient.create()) {
      PagedExpandRequest request =
          PagedExpandRequest.newBuilder()
              .setContent("content951530617")
              .setPageSize(883849137)
              .setPageToken("pageToken873572522")
              .build();
      while (true) {
        PagedExpandResponse response = echoClient.simplePagedExpandCallable().call(request);
        for (EchoResponse element : response.getResponsesList()) {
          // doThingsWith(element);
        }
        String nextPageToken = response.getNextPageToken();
        if (!Strings.isNullOrEmpty(nextPageToken)) {
          request = request.toBuilder().setPageToken(nextPageToken).build();
        } else {
          break;
        }
      }
    }
  }
}
