package com.google.showcase.v1beta1.samples;

import com.google.showcase.v1beta1.EchoClient;
import com.google.showcase.v1beta1.EchoResponse;
import com.google.showcase.v1beta1.PagedExpandRequest;

public class SimplePagedExpandPagedExpandRequestIterateAll {

  public static void main(String[] args) throws Exception {
    simplePagedExpandPagedExpandRequestIterateAll();
  }

  public static void simplePagedExpandPagedExpandRequestIterateAll() throws Exception {
    try (EchoClient echoClient = EchoClient.create()) {
      PagedExpandRequest request =
          PagedExpandRequest.newBuilder()
              .setContent("content951530617")
              .setPageSize(883849137)
              .setPageToken("pageToken873572522")
              .build();
      for (EchoResponse element : echoClient.simplePagedExpand(request).iterateAll()) {
        // doThingsWith(element);
      }
    }
  }
}
