package com.google.showcase.v1beta1.samples;

import com.google.api.gax.longrunning.OperationFuture;
import com.google.showcase.v1beta1.EchoClient;
import com.google.showcase.v1beta1.WaitMetadata;
import com.google.showcase.v1beta1.WaitRequest;
import com.google.showcase.v1beta1.WaitResponse;

public class WaitOperationCallablefutureCallWaitRequest {

  public static void main(String[] args) throws Exception {
    waitOperationCallablefutureCallWaitRequest();
  }

  public static void waitOperationCallablefutureCallWaitRequest() throws Exception {
    try (EchoClient echoClient = EchoClient.create()) {
      WaitRequest request = WaitRequest.newBuilder().build();
      OperationFuture<WaitResponse, WaitMetadata> future =
          echoClient.waitOperationCallable().futureCall(request);
      // Do something.
      WaitResponse response = future.get();
    }
  }
}
