package com.google.showcase.v1beta1.samples;

import com.google.api.gax.core.FixedCredentialsProvider;
import com.google.showcase.v1beta1.IdentityClient;
import com.google.showcase.v1beta1.IdentitySettings;
import com.google.showcase.v1beta1.myCredentials;

public class CreateIdentitySettingsSetCredentialsProvider {

  public static void main(String[] args) throws Exception {
    createIdentitySettingsSetCredentialsProvider();
  }

  public static void createIdentitySettingsSetCredentialsProvider() throws Exception {
    IdentitySettings identitySettings =
        IdentitySettings.newBuilder()
            .setCredentialsProvider(FixedCredentialsProvider.create(myCredentials))
            .build();
    IdentityClient identityClient = IdentityClient.create(identitySettings);
  }
}
