package com.google.showcase.v1beta1.samples;

import com.google.showcase.v1beta1.IdentityClient;
import com.google.showcase.v1beta1.User;
import com.google.showcase.v1beta1.UserName;

public
class CreateUserStringParentStringDisplayNameStringEmailIntAgeStringNicknameBooleanEnableNotificationsDoubleHeightFeet {

  public static void main(String[] args) throws Exception {
    createUserStringParentStringDisplayNameStringEmailIntAgeStringNicknameBooleanEnableNotificationsDoubleHeightFeet();
  }

  public static void
      createUserStringParentStringDisplayNameStringEmailIntAgeStringNicknameBooleanEnableNotificationsDoubleHeightFeet()
          throws Exception {
    try (IdentityClient identityClient = IdentityClient.create()) {
      String parent = UserName.of("[USER]").toString();
      String displayName = "displayName1714148973";
      String email = "email96619420";
      int age = 96511;
      String nickname = "nickname70690926";
      boolean enableNotifications = true;
      double heightFeet = -1032737338;
      User response =
          identityClient.createUser(
              parent, displayName, email, age, nickname, enableNotifications, heightFeet);
    }
  }
}
