package com.google.showcase.v1beta1.samples;

import com.google.protobuf.Empty;
import com.google.showcase.v1beta1.IdentityClient;
import com.google.showcase.v1beta1.UserName;

public class DeleteUserStringName {

  public static void main(String[] args) throws Exception {
    deleteUserStringName();
  }

  public static void deleteUserStringName() throws Exception {
    try (IdentityClient identityClient = IdentityClient.create()) {
      String name = UserName.of("[USER]").toString();
      identityClient.deleteUser(name);
    }
  }
}
