package com.google.showcase.v1beta1.samples;

import com.google.protobuf.Empty;
import com.google.showcase.v1beta1.IdentityClient;
import com.google.showcase.v1beta1.UserName;

public class DeleteUserUserNameName {

  public static void main(String[] args) throws Exception {
    deleteUserUserNameName();
  }

  public static void deleteUserUserNameName() throws Exception {
    try (IdentityClient identityClient = IdentityClient.create()) {
      UserName name = UserName.of("[USER]");
      identityClient.deleteUser(name);
    }
  }
}
