package com.google.showcase.v1beta1.samples;

import com.google.showcase.v1beta1.GetUserRequest;
import com.google.showcase.v1beta1.IdentityClient;
import com.google.showcase.v1beta1.User;
import com.google.showcase.v1beta1.UserName;

public class GetUserGetUserRequestRequest {

  public static void main(String[] args) throws Exception {
    getUserGetUserRequestRequest();
  }

  public static void getUserGetUserRequestRequest() throws Exception {
    try (IdentityClient identityClient = IdentityClient.create()) {
      GetUserRequest request =
          GetUserRequest.newBuilder().setName(UserName.of("[USER]").toString()).build();
      User response = identityClient.getUser(request);
    }
  }
}
