package com.google.showcase.v1beta1.samples;

import com.google.api.core.ApiFuture;
import com.google.showcase.v1beta1.IdentityClient;
import com.google.showcase.v1beta1.ListUsersRequest;
import com.google.showcase.v1beta1.User;

public class ListUsersPagedCallableFutureCallListUsersRequest {

  public static void main(String[] args) throws Exception {
    listUsersPagedCallableFutureCallListUsersRequest();
  }

  public static void listUsersPagedCallableFutureCallListUsersRequest() throws Exception {
    try (IdentityClient identityClient = IdentityClient.create()) {
      ListUsersRequest request =
          ListUsersRequest.newBuilder()
              .setPageSize(883849137)
              .setPageToken("pageToken873572522")
              .build();
      ApiFuture<User> future = identityClient.listUsersPagedCallable().futureCall(request);
      // Do something.
      for (User element : future.get().iterateAll()) {
        // doThingsWith(element);
      }
    }
  }
}
