package com.google.showcase.v1beta1.samples;

import com.google.showcase.v1beta1.IdentityClient;
import com.google.showcase.v1beta1.UpdateUserRequest;
import com.google.showcase.v1beta1.User;

public class UpdateUserUpdateUserRequestRequest {

  public static void main(String[] args) throws Exception {
    updateUserUpdateUserRequestRequest();
  }

  public static void updateUserUpdateUserRequestRequest() throws Exception {
    try (IdentityClient identityClient = IdentityClient.create()) {
      UpdateUserRequest request =
          UpdateUserRequest.newBuilder().setUser(User.newBuilder().build()).build();
      User response = identityClient.updateUser(request);
    }
  }
}
