package com.google.bookshop.v1beta1.samples;

import com.google.api.gax.core.FixedCredentialsProvider;
import com.google.bookshop.v1beta1.BookshopClient;
import com.google.bookshop.v1beta1.BookshopSettings;
import com.google.bookshop.v1beta1.myCredentials;

public class CreateBookshopSettingsSetCredentialsProvider {

  public static void main(String[] args) throws Exception {
    createBookshopSettingsSetCredentialsProvider();
  }

  public static void createBookshopSettingsSetCredentialsProvider() throws Exception {
    BookshopSettings bookshopSettings =
        BookshopSettings.newBuilder()
            .setCredentialsProvider(FixedCredentialsProvider.create(myCredentials))
            .build();
    BookshopClient bookshopClient = BookshopClient.create(bookshopSettings);
  }
}
