package com.google.testdata.v1.samples;

import com.google.testdata.v1.DeprecatedServiceSettings;
import java.time.Duration;

public class DeprecatedServiceSettingsFastFibonacci {

  public static void main(String[] args) throws Exception {
    deprecatedServiceSettingsFastFibonacci();
  }

  public static void deprecatedServiceSettingsFastFibonacci() throws Exception {
    DeprecatedServiceSettings.Builder deprecatedServiceSettingsBuilder =
        DeprecatedServiceSettings.newBuilder();
    deprecatedServiceSettingsBuilder
        .fastFibonacciSettings()
        .setRetrySettings(
            deprecatedServiceSettingsBuilder
                .fastFibonacciSettings()
                .getRetrySettings()
                .toBuilder()
                .setTotalTimeout(Duration.ofSeconds(30))
                .build());
    DeprecatedServiceSettings deprecatedServiceSettings = deprecatedServiceSettingsBuilder.build();
  }
}
