package com.google.showcase.v1beta1.samples;

import com.google.showcase.v1beta1.EchoSettings;
import java.time.Duration;

public class EchoSettingsEcho {

  public static void main(String[] args) throws Exception {
    echoSettingsEcho();
  }

  public static void echoSettingsEcho() throws Exception {
    EchoSettings.Builder echoSettingsBuilder = EchoSettings.newBuilder();
    echoSettingsBuilder
        .echoSettings()
        .setRetrySettings(
            echoSettingsBuilder
                .echoSettings()
                .getRetrySettings()
                .toBuilder()
                .setTotalTimeout(Duration.ofSeconds(30))
                .build());
    EchoSettings echoSettings = echoSettingsBuilder.build();
  }
}
