package com.google.pubsub.v1.stub.samples;

import com.google.pubsub.v1.stub.PublisherStubSettings;
import java.time.Duration;

public class PublisherStubSettingsCreateTopic {

  public static void main(String[] args) throws Exception {
    publisherStubSettingsCreateTopic();
  }

  public static void publisherStubSettingsCreateTopic() throws Exception {
    PublisherStubSettings.Builder publisherSettingsBuilder = PublisherStubSettings.newBuilder();
    publisherSettingsBuilder
        .createTopicSettings()
        .setRetrySettings(
            publisherSettingsBuilder
                .createTopicSettings()
                .getRetrySettings()
                .toBuilder()
                .setTotalTimeout(Duration.ofSeconds(30))
                .build());
    PublisherStubSettings publisherSettings = publisherSettingsBuilder.build();
  }
}
