package com.google.testdata.v1.samples;

import com.google.api.gax.core.FixedCredentialsProvider;
import com.google.testdata.v1.DeprecatedServiceClient;
import com.google.testdata.v1.DeprecatedServiceSettings;
import com.google.testdata.v1.myCredentials;

public class CreateDeprecatedServiceSettingsSetCredentialsProvider {

  public static void main(String[] args) throws Exception {
    createDeprecatedServiceSettingsSetCredentialsProvider();
  }

  public static void createDeprecatedServiceSettingsSetCredentialsProvider() throws Exception {
    DeprecatedServiceSettings deprecatedServiceSettings =
        DeprecatedServiceSettings.newBuilder()
            .setCredentialsProvider(FixedCredentialsProvider.create(myCredentials))
            .build();
    DeprecatedServiceClient deprecatedServiceClient =
        DeprecatedServiceClient.create(deprecatedServiceSettings);
  }
}
