package com.google.testdata.v1.samples;

import com.google.protobuf.Empty;
import com.google.testdata.v1.DeprecatedServiceClient;
import com.google.testdata.v1.FibonacciRequest;

public class SlowFibonacciFibonacciRequestRequest {

  public static void main(String[] args) throws Exception {
    slowFibonacciFibonacciRequestRequest();
  }

  public static void slowFibonacciFibonacciRequestRequest() throws Exception {
    try (DeprecatedServiceClient deprecatedServiceClient = DeprecatedServiceClient.create()) {
      FibonacciRequest request = FibonacciRequest.newBuilder().setValue(111972721).build();
      deprecatedServiceClient.slowFibonacci(request);
    }
  }
}
