package com.google.logging.v2;

import com.google.api.core.InternalApi;
import javax.annotation.Generated;

@InternalApi("For internal use only")
@Generated("by gapic-generator-java")
public final class Version {
  // {x-version-update-start:logging:current}
  public static final String VERSION = "0.0.0-SNAPSHOT";
  // {x-version-update-end}
}
